{"synthetic": false,
 "schemaVersion": "2025-09-10",
 "outputs":
 {"o": ["f3f34cdf7cd3c119.olean"],
  "m": false,
  "i": "0ecc6d6b7211419e.ilean",
  "c": "74f05660daf66ffb.c"},
 "log":
 [{"message":
   ".> LEAN_PATH=/Users/thomashoffbauer/Projects/smooth-numbers/catalan-normalform/lean/.lake/packages/Cli/.lake/build/lib/lean:/Users/thomashoffbauer/Projects/smooth-numbers/catalan-normalform/lean/.lake/packages/batteries/.lake/build/lib/lean:/Users/thomashoffbauer/Projects/smooth-numbers/catalan-normalform/lean/.lake/packages/Qq/.lake/build/lib/lean:/Users/thomashoffbauer/Projects/smooth-numbers/catalan-normalform/lean/.lake/packages/aesop/.lake/build/lib/lean:/Users/thomashoffbauer/Projects/smooth-numbers/catalan-normalform/lean/.lake/packages/proofwidgets/.lake/build/lib/lean:/Users/thomashoffbauer/Projects/smooth-numbers/catalan-normalform/lean/.lake/packages/importGraph/.lake/build/lib/lean:/Users/thomashoffbauer/Projects/smooth-numbers/catalan-normalform/lean/.lake/packages/LeanSearchClient/.lake/build/lib/lean:/Users/thomashoffbauer/Projects/smooth-numbers/catalan-normalform/lean/.lake/packages/plausible/.lake/build/lib/lean:/Users/thomashoffbauer/Projects/smooth-numbers/catalan-normalform/lean/.lake/packages/mathlib/.lake/build/lib/lean:/Users/thomashoffbauer/Projects/smooth-numbers/catalan-normalform/lean/.lake/build/lib/lean /Users/thomashoffbauer/.elan/toolchains/leanprover--lean4---v4.32.0-rc1/bin/lean /Users/thomashoffbauer/Projects/smooth-numbers/catalan-normalform/lean/CatalanNormalform/CatalanNumbers.lean -o /Users/thomashoffbauer/Projects/smooth-numbers/catalan-normalform/lean/.lake/build/lib/lean/CatalanNormalform/CatalanNumbers.olean -i /Users/thomashoffbauer/Projects/smooth-numbers/catalan-normalform/lean/.lake/build/lib/lean/CatalanNormalform/CatalanNumbers.ilean -c /Users/thomashoffbauer/Projects/smooth-numbers/catalan-normalform/lean/.lake/build/ir/CatalanNormalform/CatalanNumbers.c --setup /Users/thomashoffbauer/Projects/smooth-numbers/catalan-normalform/lean/.lake/build/ir/CatalanNormalform/CatalanNumbers.setup.json --json",
   "level": "trace"},
  {"message":
   "CatalanNormalform/CatalanNumbers.lean:77:8: declaration uses `sorry`",
   "level": "warning"},
  {"message":
   "CatalanNormalform/CatalanNumbers.lean:82:8: declaration uses `sorry`",
   "level": "warning"},
  {"message":
   "CatalanNormalform/CatalanNumbers.lean:132:8: declaration uses `sorry`",
   "level": "warning"}],
 "inputs":
 [["CatalanNormalform.CatalanNumbers:deps",
   [["deps",
     [["«catalan-normalform»/CatalanNormalform:extraDep",
       [["@«catalan-normalform»:extraDep", "00000000000006bb"]]],
      ["imports",
       [["Mathlib.Data.Nat.Basic transitive imports (legacy)",
         "263d87c1d06f714f"],
        ["Mathlib.Data.Nat.Basic:importAllArts", "db5dbdbffc9e567a"],
        ["Mathlib.Data.Nat.Factorial.Basic transitive imports (legacy)",
         "bcaf29e6d37ff9be"],
        ["Mathlib.Data.Nat.Factorial.Basic:importAllArts", "31f659329c757140"],
        ["Mathlib.Data.Nat.Choose.Basic transitive imports (legacy)",
         "4f42bb2c4a609e0b"],
        ["Mathlib.Data.Nat.Choose.Basic:importAllArts", "cd240c29b33bba70"],
        ["Mathlib.Tactic.Ring transitive imports (legacy)", "1e14d78f35aaca35"],
        ["Mathlib.Tactic.Ring:importAllArts", "f3ae11a529ff018c"],
        ["Mathlib.Tactic.Linarith transitive imports (legacy)",
         "434a1f7a2f3aa251"],
        ["Mathlib.Tactic.Linarith:importAllArts", "863906d5fcf5f075"],
        ["CatalanNormalform.CTree transitive imports (legacy)",
         "fc2b0f8b862b8624"],
        ["CatalanNormalform.CTree:importAllArts", "7232159457b5f250"]]]]],
    ["libs",
     [["import dynlibs", "00000000000006bb"],
      ["package external libraries", "00000000000006bb"],
      ["module dynlibs", "00000000000006bb"],
      ["module plugins", "00000000000006bb"]]]]],
  ["Lean 4.32.0, commit b4812ae53eea93439ad5dce5a5c26591c31cb697",
   "9f30fb205c97627b"],
  ["/Users/thomashoffbauer/Projects/smooth-numbers/catalan-normalform/lean/CatalanNormalform/CatalanNumbers.lean",
   "02e72641ce737f18"],
  ["options", "00000000000006bb"],
  ["isModule: false", "feefd2a0d3a1847e"],
  ["Module.name: CatalanNormalform.CatalanNumbers", "338bb6124bd68402"],
  ["Package.id?: (some catalan-normalform)", "10c6bb9be5c51d6e"],
  ["Module.leanArgs: #[]", "00000000000006bb"]],
 "depHash": "3118693b216b4b40"}