{"synthetic": false,
 "schemaVersion": "2025-09-10",
 "outputs":
 {"o": ["102e4622214747fc.olean"],
  "m": false,
  "i": "283edb4d6c32e3a3.ilean",
  "c": "5c8188fc92db9c4a.c"},
 "log":
 [{"message":
   ".> LEAN_PATH=/Users/thomashoffbauer/Projects/smooth-numbers/catalan-normalform/lean/.lake/packages/Cli/.lake/build/lib/lean:/Users/thomashoffbauer/Projects/smooth-numbers/catalan-normalform/lean/.lake/packages/batteries/.lake/build/lib/lean:/Users/thomashoffbauer/Projects/smooth-numbers/catalan-normalform/lean/.lake/packages/Qq/.lake/build/lib/lean:/Users/thomashoffbauer/Projects/smooth-numbers/catalan-normalform/lean/.lake/packages/aesop/.lake/build/lib/lean:/Users/thomashoffbauer/Projects/smooth-numbers/catalan-normalform/lean/.lake/packages/proofwidgets/.lake/build/lib/lean:/Users/thomashoffbauer/Projects/smooth-numbers/catalan-normalform/lean/.lake/packages/importGraph/.lake/build/lib/lean:/Users/thomashoffbauer/Projects/smooth-numbers/catalan-normalform/lean/.lake/packages/LeanSearchClient/.lake/build/lib/lean:/Users/thomashoffbauer/Projects/smooth-numbers/catalan-normalform/lean/.lake/packages/plausible/.lake/build/lib/lean:/Users/thomashoffbauer/Projects/smooth-numbers/catalan-normalform/lean/.lake/packages/mathlib/.lake/build/lib/lean:/Users/thomashoffbauer/Projects/smooth-numbers/catalan-normalform/lean/.lake/build/lib/lean /Users/thomashoffbauer/.elan/toolchains/leanprover--lean4---v4.32.0-rc1/bin/lean /Users/thomashoffbauer/Projects/smooth-numbers/catalan-normalform/lean/CatalanNormalform/CTree.lean -o /Users/thomashoffbauer/Projects/smooth-numbers/catalan-normalform/lean/.lake/build/lib/lean/CatalanNormalform/CTree.olean -i /Users/thomashoffbauer/Projects/smooth-numbers/catalan-normalform/lean/.lake/build/lib/lean/CatalanNormalform/CTree.ilean -c /Users/thomashoffbauer/Projects/smooth-numbers/catalan-normalform/lean/.lake/build/ir/CatalanNormalform/CTree.c --setup /Users/thomashoffbauer/Projects/smooth-numbers/catalan-normalform/lean/.lake/build/ir/CatalanNormalform/CTree.setup.json --json",
   "level": "trace"},
  {"message": "CatalanNormalform/CTree.lean:72:8: declaration uses `sorry`",
   "level": "warning"},
  {"message": "CatalanNormalform/CTree.lean:77:8: declaration uses `sorry`",
   "level": "warning"},
  {"message": "CatalanNormalform/CTree.lean:121:9: declaration uses `sorry`",
   "level": "warning"}],
 "inputs":
 [["CatalanNormalform.CTree:deps",
   [["deps",
     [["«catalan-normalform»/CatalanNormalform:extraDep",
       [["@«catalan-normalform»:extraDep", "00000000000006bb"]]],
      ["imports",
       [["Mathlib.Data.Nat.Basic transitive imports (legacy)",
         "263d87c1d06f714f"],
        ["Mathlib.Data.Nat.Basic:importAllArts", "db5dbdbffc9e567a"],
        ["Mathlib.Tactic.Basic transitive imports (legacy)",
         "07942973e3249250"],
        ["Mathlib.Tactic.Basic:importAllArts", "176d67ec9657c4cf"]]]]],
    ["libs",
     [["import dynlibs", "00000000000006bb"],
      ["package external libraries", "00000000000006bb"],
      ["module dynlibs", "00000000000006bb"],
      ["module plugins", "00000000000006bb"]]]]],
  ["Lean 4.32.0, commit b4812ae53eea93439ad5dce5a5c26591c31cb697",
   "9f30fb205c97627b"],
  ["/Users/thomashoffbauer/Projects/smooth-numbers/catalan-normalform/lean/CatalanNormalform/CTree.lean",
   "6822276d91562569"],
  ["options", "00000000000006bb"],
  ["isModule: false", "feefd2a0d3a1847e"],
  ["Module.name: CatalanNormalform.CTree", "6bdaa0a700bdf194"],
  ["Package.id?: (some catalan-normalform)", "10c6bb9be5c51d6e"],
  ["Module.leanArgs: #[]", "00000000000006bb"]],
 "depHash": "65b977d39d463fa4"}